<html>
<body>
<pre>
<h1>礦ision Build Log</h1>
<h2>Tool Versions:</h2>
IDE-Version: μVision V5.14.0.0
Copyright (C) 2015 ARM Ltd and ARM Germany GmbH. All rights reserved.
License Information: 2296347311@qq.com,  , LIC=IK1BF-6U5EK-DY7V3-A98ZJ-L32T6-R0MQ4
 
Tool Versions:
Toolchain:       MDK-ARM Standard  Version: 5.14.0.0
Toolchain Path:  C:\Keil_v5\ARM\ARMCC\Bin
C Compiler:      Armcc.exe V5.05 update 1 (build 106)
Assembler:       Armasm.exe V5.05 update 1 (build 106)
Linker/Locator:  ArmLink.exe V5.05 update 1 (build 106)
Library Manager: ArmAr.exe V5.05 update 1 (build 106)
Hex Converter:   FromElf.exe V5.05 update 1 (build 106)
CPU DLL:         SARMCM3.DLL V5.14.0.0
Dialog DLL:      DCM.DLL V1.13.1.0
Target DLL:      CMSIS_AGDI.dll V1.21.0.0
Dialog DLL:      TCM.DLL V1.14.4.0
 
<h2>Project:</h2>
C:\AAAKepler452B-G14\MyProject\Oximeter\HAL_血氧设计2022_3_27\MDK-ARM\max30102.uvprojx
Project File Date:  08/20/2023

<h2>Output:</h2>
Rebuild target 'max30102'
compiling main.c...
../Inc/oled.h(17): warning:  #1295-D: Deprecated declaration OLED_I2C_callBack - give arg types
  void OLED_I2C_callBack();
../Inc/max30102.h(19): warning:  #1295-D: Deprecated declaration max30102_init - give arg types
  void max30102_init();
../Inc/max30102.h(20): warning:  #1295-D: Deprecated declaration max30102_getUnreadSampleCount - give arg types
  uint8_t max30102_getUnreadSampleCount();
../Inc/max30102.h(22): warning:  #1295-D: Deprecated declaration max30102_getStatus - give arg types
  uint8_t max30102_getStatus();
../Inc/max30102.h(24): warning:  #1295-D: Deprecated declaration max30102_OFF - give arg types
  void max30102_OFF();
../Inc/max30102.h(25): warning:  #1295-D: Deprecated declaration max30102_ON - give arg types
  void max30102_ON();
../Inc/max30102.h(27): warning:  #1295-D: Deprecated declaration max30102_cal - give arg types
  void max30102_cal();
../Inc/max30102.h(28): warning:  #1295-D: Deprecated declaration max30102_getHeartRate - give arg types
  uint8_t max30102_getHeartRate();
../Inc/max30102.h(29): warning:  #1295-D: Deprecated declaration max30102_getSpO2 - give arg types
  uint8_t max30102_getSpO2();
../Inc/max30102.h(30): warning:  #1295-D: Deprecated declaration max30102_getDiff - give arg types
  int16_t max30102_getDiff();
../Inc/max30102.h(32): warning:  #1-D: last line of file ends without a newline
  #endif
../Src/main.c: 11 warnings, 0 errors
compiling gpio.c...
compiling i2c.c...
compiling usart.c...
compiling stm32f1xx_it.c...
../Inc/max30102.h(19): warning:  #1295-D: Deprecated declaration max30102_init - give arg types
  void max30102_init();
../Inc/max30102.h(20): warning:  #1295-D: Deprecated declaration max30102_getUnreadSampleCount - give arg types
  uint8_t max30102_getUnreadSampleCount();
../Inc/max30102.h(22): warning:  #1295-D: Deprecated declaration max30102_getStatus - give arg types
  uint8_t max30102_getStatus();
../Inc/max30102.h(24): warning:  #1295-D: Deprecated declaration max30102_OFF - give arg types
  void max30102_OFF();
../Inc/max30102.h(25): warning:  #1295-D: Deprecated declaration max30102_ON - give arg types
  void max30102_ON();
../Inc/max30102.h(27): warning:  #1295-D: Deprecated declaration max30102_cal - give arg types
  void max30102_cal();
../Inc/max30102.h(28): warning:  #1295-D: Deprecated declaration max30102_getHeartRate - give arg types
  uint8_t max30102_getHeartRate();
../Inc/max30102.h(29): warning:  #1295-D: Deprecated declaration max30102_getSpO2 - give arg types
  uint8_t max30102_getSpO2();
../Inc/max30102.h(30): warning:  #1295-D: Deprecated declaration max30102_getDiff - give arg types
  int16_t max30102_getDiff();
../Inc/max30102.h(32): warning:  #1-D: last line of file ends without a newline
  #endif
../Src/stm32f1xx_it.c: 10 warnings, 0 errors
compiling stm32f1xx_hal_msp.c...
compiling max30102.c...
../Inc/max30102.h(19): warning:  #1295-D: Deprecated declaration max30102_init - give arg types
  void max30102_init();
../Inc/max30102.h(20): warning:  #1295-D: Deprecated declaration max30102_getUnreadSampleCount - give arg types
  uint8_t max30102_getUnreadSampleCount();
../Inc/max30102.h(22): warning:  #1295-D: Deprecated declaration max30102_getStatus - give arg types
  uint8_t max30102_getStatus();
../Inc/max30102.h(24): warning:  #1295-D: Deprecated declaration max30102_OFF - give arg types
  void max30102_OFF();
../Inc/max30102.h(25): warning:  #1295-D: Deprecated declaration max30102_ON - give arg types
  void max30102_ON();
../Inc/max30102.h(27): warning:  #1295-D: Deprecated declaration max30102_cal - give arg types
  void max30102_cal();
../Inc/max30102.h(28): warning:  #1295-D: Deprecated declaration max30102_getHeartRate - give arg types
  uint8_t max30102_getHeartRate();
../Inc/max30102.h(29): warning:  #1295-D: Deprecated declaration max30102_getSpO2 - give arg types
  uint8_t max30102_getSpO2();
../Inc/max30102.h(30): warning:  #1295-D: Deprecated declaration max30102_getDiff - give arg types
  int16_t max30102_getDiff();
../Inc/max30102.h(32): warning:  #1-D: last line of file ends without a newline
  #endif
..\Src\max30102.c(257): warning:  #1-D: last line of file ends without a newline
  int16_t max30102_getDiff() { return eachSampleDiff; }
..\Src\max30102.c: 11 warnings, 0 errors
compiling oled.c...
../Inc/oled.h(17): warning:  #1295-D: Deprecated declaration OLED_I2C_callBack - give arg types
  void OLED_I2C_callBack();
..\Src\oled.c(393): warning:  #1-D: last line of file ends without a newline
  }
..\Src\oled.c: 2 warnings, 0 errors
compiling user_usart.c...
user_usart.c(25): warning:  #1-D: last line of file ends without a newline
  }
user_usart.c: 1 warning, 0 errors
compiling stm32f1xx_hal_gpio_ex.c...
compiling stm32f1xx_hal_i2c.c...
compiling stm32f1xx_hal.c...
compiling stm32f1xx_hal_rcc.c...
compiling stm32f1xx_hal_rcc_ex.c...
compiling stm32f1xx_hal_gpio.c...
compiling stm32f1xx_hal_dma.c...
compiling stm32f1xx_hal_cortex.c...
compiling stm32f1xx_hal_pwr.c...
compiling stm32f1xx_hal_flash.c...
compiling stm32f1xx_hal_flash_ex.c...
compiling stm32f1xx_hal_exti.c...
compiling stm32f1xx_hal_tim.c...
compiling stm32f1xx_hal_tim_ex.c...
compiling stm32f1xx_hal_uart.c...
compiling system_stm32f1xx.c...
assembling startup_stm32f103xb.s...
linking...
Program Size: Code=16294 RO-data=926 RW-data=48 ZI-data=3304  
FromELF: creating hex file...
"max30102\max30102.axf" - 0 Error(s), 35 Warning(s).

<h2>Software Packages used:</h2>

Package Vendor: ARM
                http://www.keil.com/pack/ARM.CMSIS.4.2.0.pack
                ARM::CMSIS:CORE:3.40.0
                CMSIS (Cortex Microcontroller Software Interface Standard)
   * Component: CORE Version: 3.40.0

<h2>Collection of Component include folders:</h2>
  C:\AAAKepler452B-G14\MyProject\Oximeter\HAL_血氧设计2022_3_27\MDK-ARM\RTE
  C:\Keil_v5\ARM\PACK\ARM\CMSIS\4.2.0\CMSIS\Include
  C:\Keil_v5\ARM\PACK\Keil\STM32F1xx_DFP\2.4.1

<h2>Collection of Component Files used:</h2>

   * Component: ARM::CMSIS:CORE:3.40.0
      Source file:   CMSIS\UserCodeTemplates\ARM\ITM_Retarget.c
</pre>
</body>
</html>
