<html>
<body>
<pre>
<h1>µVision Build Log</h1>
<h2>Tool Versions:</h2>
IDE-Version: ¦ÌVision V5.14.0.0
Copyright (C) 2015 ARM Ltd and ARM Germany GmbH. All rights reserved.
License Information: 2296347311@qq.com,  , LIC=IK1BF-6U5EK-DY7V3-A98ZJ-L32T6-R0MQ4
 
Tool Versions:
Toolchain:       MDK-ARM Standard  Version: 5.14.0.0
Toolchain Path:  C:\Keil_v5\ARM\ARMCC\Bin
C Compiler:      Armcc.exe V5.05 update 1 (build 106)
Assembler:       Armasm.exe V5.05 update 1 (build 106)
Linker/Locator:  ArmLink.exe V5.05 update 1 (build 106)
Library Manager: ArmAr.exe V5.05 update 1 (build 106)
Hex Converter:   FromElf.exe V5.05 update 1 (build 106)
CPU DLL:         SARMCM3.DLL V5.14.0.0
Dialog DLL:      DARMCM1.DLL V1.12.0.0
Target DLL:      STLink\ST-LINKIII-KEIL_SWO.dll V2.0.14.0_KEIL
Dialog DLL:      TARMCM1.DLL V1.9.0.0
 
<h2>Project:</h2>
C:\AAAKepler452B-G14\MyProject\Oximeter\ÑªÑõÒÇ\´úÂë-PROJ_V2 - DMA\tft.uvprojx
Project File Date:  05/31/2023

<h2>Output:</h2>
Build target 'Target 1'
compiling interrupts_cw32l031.c...
compiling main.c...
compiling cw32l031_adc.c...
compiling cw32l031_atim.c...
compiling cw32l031_awt.c...
compiling cw32l031_btim.c...
compiling cw32l031_crc.c...
compiling cw32l031_debug.c...
compiling cw32l031_digitalsign.c...
compiling cw32l031_dma.c...
compiling cw32l031_flash.c...
compiling cw32l031_gpio.c...
compiling cw32l031_gtim.c...
compiling cw32l031_i2c.c...
compiling cw32l031_iwdt.c...
compiling cw32l031_lvd.c...
compiling cw32l031_pwr.c...
compiling cw32l031_ram.c...
compiling cw32l031_rcc.c...
compiling cw32l031_rtc.c...
compiling cw32l031_spi.c...
compiling cw32l031_systick.c...
compiling cw32l031_uart.c...
compiling cw32l031_vc.c...
compiling cw32l031_wwdt.c...
compiling system_cw32l031.c...
compiling LCD.c...
compiling LCD_INIT.c...
assembling startup_cw32l031.s...
compiling FFT.c...
linking...
Program Size: Code=21292 RO-data=7464 RW-data=1116 ZI-data=3460  
FromELF: creating hex file...
".\Objects\tft.axf" - 0 Error(s), 0 Warning(s).

<h2>Software Packages used:</h2>

Package Vendor: ARM
                http://www.keil.com/pack/ARM.CMSIS.4.2.0.pack
                ARM::CMSIS:CORE:3.40.0
                CMSIS (Cortex Microcontroller Software Interface Standard)
   * Component: CORE Version: 3.40.0

<h2>Collection of Component include folders:</h2>
  C:\AAAKepler452B-G14\MyProject\Oximeter\ÑªÑõÒÇ\´úÂë-PROJ_V2 - DMA\RTE
  C:\Keil_v5\ARM\PACK\ARM\CMSIS\4.2.0\CMSIS\Include

<h2>Collection of Component Files used:</h2>

   * Component: ARM::CMSIS:CORE:3.40.0
      Source file:   CMSIS\UserCodeTemplates\ARM\ITM_Retarget.c
</pre>
</body>
</html>
